[www.greatmathgame.com/game/play/1/2048/index.html]
[backblue.gif]
[fade.gif]
[index.html]
[www.greatmathgame.com/game/play/1/2048/style/main.css]
[www.greatmathgame.com/game/play/1/2048/favicon.ico]
[www.greatmathgame.com/game/play/1/2048/meta/apple-touch-icon.png]
[www.greatmathgame.com/game/play/1/2048/meta/apple-touch-startup-image-640x1096.png]
[www.greatmathgame.com/game/play/1/2048/meta/apple-touch-startup-image-640x920.png]
[www.greatmathgame.com/game/play/1/2048/js/bind_polyfill.js]
[www.greatmathgame.com/game/play/1/2048/js/classlist_polyfill.js]
[www.greatmathgame.com/game/play/1/2048/js/animframe_polyfill.js]
[www.greatmathgame.com/game/play/1/2048/js/keyboard_input_manager.js]
[www.greatmathgame.com/game/play/1/2048/js/html_actuator.js]
[www.greatmathgame.com/game/play/1/2048/js/grid.js]
[www.greatmathgame.com/game/play/1/2048/js/tile.js]
[www.greatmathgame.com/game/play/1/2048/js/local_storage_manager.js]
[www.greatmathgame.com/game/play/1/2048/js/game_manager.js]
[www.greatmathgame.com/game/play/1/2048/index.html]
[www.greatmathgame.com/game/play/1/2048/js/application.js]
[www.greatmathgame.com/game/play/1/2048/style/main.css]
[www.greatmathgame.com/game/play/1/2048/meta/apple-touch-icon.html]
[www.greatmathgame.com/game/play/1/2048/meta/apple-touch-startup-image-640x1096.html]
[www.greatmathgame.com/game/play/1/2048/meta/apple-touch-startup-image-640x920.html]
[www.greatmathgame.com/game/play/1/2048/style/fonts/clear-sans.css]
[www.greatmathgame.com/game/play/1/2048/style/fonts/ClearSans-Light-webfont.eot]
[www.greatmathgame.com/game/play/1/2048/style/fonts/ClearSans-Light-webfontd41d.eot]
[www.greatmathgame.com/game/play/1/2048/style/fonts/ClearSans-Light-webfont.svg]
[www.greatmathgame.com/game/play/1/2048/style/fonts/ClearSans-Light-webfont.woff]
[www.greatmathgame.com/game/play/1/2048/style/fonts/ClearSans-Regular-webfont.eot]
[www.greatmathgame.com/game/play/1/2048/style/fonts/ClearSans-Regular-webfontd41d.eot]
[www.greatmathgame.com/game/play/1/2048/style/fonts/ClearSans-Regular-webfont.svg]
[www.greatmathgame.com/game/play/1/2048/style/fonts/ClearSans-Regular-webfont.woff]
[www.greatmathgame.com/game/play/1/2048/style/fonts/ClearSans-Bold-webfont.eot]
[www.greatmathgame.com/game/play/1/2048/style/fonts/ClearSans-Bold-webfontd41d.eot]
[www.greatmathgame.com/game/play/1/2048/style/fonts/ClearSans-Bold-webfont.svg]
[www.greatmathgame.com/game/play/1/2048/style/fonts/clear-sans.css]
[www.greatmathgame.com/game/play/1/2048/style/fonts/ClearSans-Light-webfont.html]
[www.greatmathgame.com/game/play/1/2048/style/fonts/ClearSans-Light-webfontd41d.html]
[www.greatmathgame.com/game/play/1/2048/style/fonts/ClearSans-Light-webfont-2.html]
[www.greatmathgame.com/game/play/1/2048/style/fonts/ClearSans-Light-webfont-3.html]
[www.greatmathgame.com/game/play/1/2048/style/fonts/ClearSans-Regular-webfont.html]
[www.greatmathgame.com/game/play/1/2048/style/fonts/ClearSans-Regular-webfontd41d.html]
[www.greatmathgame.com/game/play/1/2048/style/fonts/ClearSans-Regular-webfont-2.html]
[www.greatmathgame.com/game/play/1/2048/style/fonts/ClearSans-Bold-webfont.html]
[www.greatmathgame.com/game/play/1/2048/style/fonts/ClearSans-Bold-webfontd41d.html]
[www.greatmathgame.com/game/play/1/2048/style/fonts/ClearSans-Bold-webfont-2.html]
[www.greatmathgame.com/game/play/1/2048/style/fonts/ClearSans-Bold-webfont.woff]
